<html>
<body>
<pre>
<h1>µVision Build Log</h1>
<h2>Tool Versions:</h2>
IDE-Version: µVision V5.39.0.0
Copyright (C) 2023 ARM Ltd and ARM Germany GmbH. All rights reserved.
License Information: nehir demirli, bilkent university, LIC=----
 
Tool Versions:
Toolchain:       MDK-Lite  Version: 5.39.0.0
Toolchain Path:  C:\Keil_v5\ARM\ARMCLANG\Bin
C Compiler:      ArmClang.exe V6.21
Assembler:       Armasm.exe V6.21
Linker/Locator:  ArmLink.exe V6.21
Library Manager: ArmAr.exe V6.21
Hex Converter:   FromElf.exe V6.21
CPU DLL:         SARMCM3.DLL V5.39.0.0
Dialog DLL:      DARMCM1.DLL V1.19.6.0
Target DLL:      PEMicro\Pemicro_ArmCortexInterface.dll V1.3.0.0
Dialog DLL:      TARMCM1.DLL V1.14.6.0
 
<h2>Project:</h2>
C:\Users\yesim\OneDrive\Masaüstü\Term_project_EEE212-main (1)\Term_project_EEE212-main\chapter3.uvprojx
Project File Date:  05/08/2024

<h2>Output:</h2>
*** Using Compiler 'V6.21', folder: 'C:\Keil_v5\ARM\ARMCLANG\Bin'
Rebuild target 'Target 1'
assembling startup_MKL25Z4.s...
compiling system_MKL25Z4.c...
main.c(20): warning: invalid UTF-8 in comment [-Winvalid-utf8]
   20 | #define BLUE_LED_PIN (1 << 1) //<A0>PTC1
      |                                 ^
main.c(45): warning: no previous extern declaration for non-static variable 'button' [-Wmissing-variable-declarations]
   45 | volatile int button = 0;
      |              ^
main.c(45): note: declare 'static' if the variable is not intended to be used outside of this translation unit
   45 | volatile int button = 0;
      |          ^
main.c(46): warning: no previous extern declaration for non-static variable 'pos' [-Wmissing-variable-declarations]
   46 | double pos=8;
      |        ^
main.c(46): note: declare 'static' if the variable is not intended to be used outside of this translation unit
   46 | double pos=8;
      | ^
main.c(47): warning: no previous extern declaration for non-static variable 'pos2' [-Wmissing-variable-declarations]
   47 | double pos2=2.5;
      |        ^
main.c(47): note: declare 'static' if the variable is not intended to be used outside of this translation unit
   47 | double pos2=2.5;
      | ^
main.c(48): warning: no previous extern declaration for non-static variable 'pos3' [-Wmissing-variable-declarations]
   48 | double pos3=2.5;
      |        ^
main.c(48): note: declare 'static' if the variable is not intended to be used outside of this translation unit
   48 | double pos3=2.5;
      | ^
main.c(70): warning: implicit conversion loses integer precision: 'const volatile uint32_t' (aka 'const volatile unsigned int') to 'short' [-Wimplicit-int-conversion]
   70 |                 result = ADC0->R[0]; /* read conversion result and clear COCO flag */
      |                        ~ ^~~~~~~~~~
C:/Users/yesim/AppData/Local/Arm/Packs/Keil/Kinetis_KLxx_DFP/1.15.1/Device/Include\MKL25Z4.h(547): note: expanded from macro 'ADC0'
  547 | #define ADC0                                     ((ADC_Type *)ADC0_BASE)
      |                                                  ^
main.c(82): warning: implicit conversion loses integer precision: 'const volatile uint32_t' (aka 'const volatile unsigned int') to 'short' [-Wimplicit-int-conversion]
   82 |                         result = ADC0->R[0]; /* read conversion result and clear COCO flag */
      |                                ~ ^~~~~~~~~~
C:/Users/yesim/AppData/Local/Arm/Packs/Keil/Kinetis_KLxx_DFP/1.15.1/Device/Include\MKL25Z4.h(547): note: expanded from macro 'ADC0'
  547 | #define ADC0                                     ((ADC_Type *)ADC0_BASE)
      |                                                  ^
main.c(77): warning: mixing declarations and code is incompatible with standards before C99 [-Wdeclaration-after-statement]
   77 |                         double i;
      |                                ^
main.c(117): warning: implicit conversion loses integer precision: 'const volatile uint32_t' (aka 'const volatile unsigned int') to 'short' [-Wimplicit-int-conversion]
  117 |                         result = ADC0->R[0]; /* read conversion result and clear COCO flag */
      |                                ~ ^~~~~~~~~~
C:/Users/yesim/AppData/Local/Arm/Packs/Keil/Kinetis_KLxx_DFP/1.15.1/Device/Include\MKL25Z4.h(547): note: expanded from macro 'ADC0'
  547 | #define ADC0                                     ((ADC_Type *)ADC0_BASE)
      |                                                  ^
main.c(112): warning: mixing declarations and code is incompatible with standards before C99 [-Wdeclaration-after-statement]
  112 |                         double j;
      |                                ^
main.c(178): warning: mixing declarations and code is incompatible with standards before C99 [-Wdeclaration-after-statement]
  178 |                                         double n;
      |                                                ^
main.c(58): warning: mixing declarations and code is incompatible with standards before C99 [-Wdeclaration-after-statement]
   58 |   void rgb_led_BLUE(void);
      |        ^
main.c(300): warning: implicit conversion changes signedness: 'int' to 'uint32_t' (aka 'unsigned int') [-Wsign-conversion]
  300 |         ADC0->SC2 &= ~0x40; /* software trigger */
      |                   ~~ ^~~~~
main.c(352): warning: no previous prototype for function 'rgb_led_BLUE' [-Wmissing-prototypes]
  352 | void rgb_led_BLUE(void) {
      |      ^
main.c(352): note: declare 'static' if the function is not intended to be used outside of this translation unit
  352 | void rgb_led_BLUE(void) {
      | ^
      | static 
main.c(364): warning: implicit conversion turns floating-point number into integer: 'double' to 'uint32_t' (aka 'unsigned int') [-Wfloat-conversion]
  364 |     uint32_t du1= ((D1*M1)/100);
      |              ~~~   ~~~~~~~^~~~
main.c(378): warning: implicit conversion turns floating-point number into integer: 'double' to 'uint32_t' (aka 'unsigned int') [-Wfloat-conversion]
  378 |     uint32_t du2= ((D2*M2)/100);
      |              ~~~   ~~~~~~~^~~~
main.c(388): warning: no newline at end of file [-Wnewline-eof]
  388 | }
      |  ^
main.c(148): warning: unsafe buffer access [-Wunsafe-buffer-usage]
  148 |                 PORTA->PCR[1] = 0x100;
      |                 ^~~~~~~~~~
C:/Users/yesim/AppData/Local/Arm/Packs/Keil/Kinetis_KLxx_DFP/1.15.1/Device/Include\MKL25Z4.h(4441): note: expanded from macro 'PORTA'
 4441 | #define PORTA                                    ((PORT_Type *)PORTA_BASE)
      |                                                  ^
main.c(151): warning: unsafe buffer access [-Wunsafe-buffer-usage]
  151 |                 PORTC->PCR[2] = 0x100;
      |                 ^~~~~~~~~~
C:/Users/yesim/AppData/Local/Arm/Packs/Keil/Kinetis_KLxx_DFP/1.15.1/Device/Include\MKL25Z4.h(4451): note: expanded from macro 'PORTC'
 4451 | #define PORTC                                    ((PORT_Type *)PORTC_BASE)
      |                                                  ^
main.c(152): warning: unsafe buffer access [-Wunsafe-buffer-usage]
  152 |     PORTC->PCR[3] = 0x103; 
      |     ^~~~~~~~~~
C:/Users/yesim/AppData/Local/Arm/Packs/Keil/Kinetis_KLxx_DFP/1.15.1/Device/Include\MKL25Z4.h(4451): note: expanded from macro 'PORTC'
 4451 | #define PORTC                                    ((PORT_Type *)PORTC_BASE)
      |                                                  ^
main.c(298): warning: unsafe buffer access [-Wunsafe-buffer-usage]
  298 |         PORTE->PCR[20] = 0; /* PTE20 analog input */
      |         ^~~~~~~~~~
C:/Users/yesim/AppData/Local/Arm/Packs/Keil/Kinetis_KLxx_DFP/1.15.1/Device/Include\MKL25Z4.h(4461): note: expanded from macro 'PORTE'
 4461 | #define PORTE                                    ((PORT_Type *)PORTE_BASE)
      |                                                  ^
main.c(317): warning: unsafe buffer access [-Wunsafe-buffer-usage]
  317 |                 PORTD->PCR[SW_POS] |= PORT_PCR_MUX(1) | PORT_PCR_PS_MASK | PORT_PCR_PE_MASK | PORT_PCR_IRQC(0x0a);
      |                 ^~~~~~~~~~
C:/Users/yesim/AppData/Local/Arm/Packs/Keil/Kinetis_KLxx_DFP/1.15.1/Device/Include\MKL25Z4.h(4456): note: expanded from macro 'PORTD'
 4456 | #define PORTD                                    ((PORT_Type *)PORTD_BASE)
      |                                                  ^
main.c(337): warning: unsafe buffer access [-Wunsafe-buffer-usage]
  337 |         PORTB->PCR[18] = 0x100; /* make PTB18 pin as GPIO */
      |         ^~~~~~~~~~
C:/Users/yesim/AppData/Local/Arm/Packs/Keil/Kinetis_KLxx_DFP/1.15.1/Device/Include\MKL25Z4.h(4446): note: expanded from macro 'PORTB'
 4446 | #define PORTB                                    ((PORT_Type *)PORTB_BASE)
      |                                                  ^
main.c(339): warning: unsafe buffer access [-Wunsafe-buffer-usage]
  339 |         PORTB->PCR[19] = 0x100; /* make PTB19 pin as GPIO */
      |         ^~~~~~~~~~
C:/Users/yesim/AppData/Local/Arm/Packs/Keil/Kinetis_KLxx_DFP/1.15.1/Device/Include\MKL25Z4.h(4446): note: expanded from macro 'PORTB'
 4446 | #define PORTB                                    ((PORT_Type *)PORTB_BASE)
      |                                                  ^
main.c(341): warning: unsafe buffer access [-Wunsafe-buffer-usage]
  341 |         PORTD->PCR[1] = 0x100; /* make PTD1 pin as GPIO */
      |         ^~~~~~~~~~
C:/Users/yesim/AppData/Local/Arm/Packs/Keil/Kinetis_KLxx_DFP/1.15.1/Device/Include\MKL25Z4.h(4456): note: expanded from macro 'PORTD'
 4456 | #define PORTD                                    ((PORT_Type *)PORTD_BASE)
      |                                                  ^
main.c(346): warning: unsafe buffer access [-Wunsafe-buffer-usage]
  346 |         PORTC->PCR[1] = 0x100; 
      |         ^~~~~~~~~~
C:/Users/yesim/AppData/Local/Arm/Packs/Keil/Kinetis_KLxx_DFP/1.15.1/Device/Include\MKL25Z4.h(4451): note: expanded from macro 'PORTC'
 4451 | #define PORTC                                    ((PORT_Type *)PORTC_BASE)
      |                                                  ^
main.c(366): warning: unsafe buffer access [-Wunsafe-buffer-usage]
  366 |     PORTE->PCR[21] = 0x0300; 
      |     ^~~~~~~~~~
C:/Users/yesim/AppData/Local/Arm/Packs/Keil/Kinetis_KLxx_DFP/1.15.1/Device/Include\MKL25Z4.h(4461): note: expanded from macro 'PORTE'
 4461 | #define PORTE                                    ((PORT_Type *)PORTE_BASE)
      |                                                  ^
main.c(370): warning: unsafe buffer access [-Wunsafe-buffer-usage]
  370 |     TPM1->CONTROLS[1].CnSC = 0x20 | 0x08; 
      |     ^~~~~~~~~~~~~~
C:/Users/yesim/AppData/Local/Arm/Packs/Keil/Kinetis_KLxx_DFP/1.15.1/Device/Include\MKL25Z4.h(6258): note: expanded from macro 'TPM1'
 6258 | #define TPM1                                     ((TPM_Type *)TPM1_BASE)
      |                                                  ^
main.c(372): warning: unsafe buffer access [-Wunsafe-buffer-usage]
  372 |     TPM1->CONTROLS[1].CnV = du1;
      |     ^~~~~~~~~~~~~~
C:/Users/yesim/AppData/Local/Arm/Packs/Keil/Kinetis_KLxx_DFP/1.15.1/Device/Include\MKL25Z4.h(6258): note: expanded from macro 'TPM1'
 6258 | #define TPM1                                     ((TPM_Type *)TPM1_BASE)
      |                                                  ^
main.c(380): warning: unsafe buffer access [-Wunsafe-buffer-usage]
  380 |     PORTE->PCR[31] = 0x0300; 
      |     ^~~~~~~~~~
C:/Users/yesim/AppData/Local/Arm/Packs/Keil/Kinetis_KLxx_DFP/1.15.1/Device/Include\MKL25Z4.h(4461): note: expanded from macro 'PORTE'
 4461 | #define PORTE                                    ((PORT_Type *)PORTE_BASE)
      |                                                  ^
main.c(384): warning: unsafe buffer access [-Wunsafe-buffer-usage]
  384 |     TPM0->CONTROLS[4].CnSC = 0x20 | 0x08; 
      |     ^~~~~~~~~~~~~~
C:/Users/yesim/AppData/Local/Arm/Packs/Keil/Kinetis_KLxx_DFP/1.15.1/Device/Include\MKL25Z4.h(6253): note: expanded from macro 'TPM0'
 6253 | #define TPM0                                     ((TPM_Type *)TPM0_BASE)
      |                                                  ^
main.c(386): warning: unsafe buffer access [-Wunsafe-buffer-usage]
  386 |     TPM0->CONTROLS[4].CnV = du2;
      |     ^~~~~~~~~~~~~~
C:/Users/yesim/AppData/Local/Arm/Packs/Keil/Kinetis_KLxx_DFP/1.15.1/Device/Include\MKL25Z4.h(6253): note: expanded from macro 'TPM0'
 6253 | #define TPM0                                     ((TPM_Type *)TPM0_BASE)
      |                                                  ^
32 warnings generated.
compiling main.c...
linking...
Program Size: Code=6388 RO-data=352 RW-data=24 ZI-data=360  
".\Objects\chapter3.axf" - 0 Error(s), 32 Warning(s).

<h2>Software Packages used:</h2>

Package Vendor: ARM
                http://www.keil.com/pack/ARM.CMSIS.5.9.0.pack
                ARM::CMSIS@5.9.0
                CMSIS (Common Microcontroller Software Interface Standard)
   * Component: CORE Version: 5.6.0

Package Vendor: Keil
                https://www.keil.com/pack/Keil.Kinetis_KLxx_DFP.1.15.1.pack
                Keil::Kinetis_KLxx_DFP@1.15.1
                NXP Kinetis KLxx Series Device Support and Examples
   * Component: Startup Version: 2.5.0

<h2>Collection of Component include folders:</h2>
  ./RTE/Device/MKL25Z128xxx4
  ./RTE/_Target_1
  C:/Users/yesim/AppData/Local/Arm/Packs/ARM/CMSIS/5.9.0/CMSIS/Core/Include
  C:/Users/yesim/AppData/Local/Arm/Packs/Keil/Kinetis_KLxx_DFP/1.15.1/Device/Include

<h2>Collection of Component Files used:</h2>

   * Component: ARM::CMSIS:CORE@5.6.0

   * Component: Keil::Device:Startup@2.5.0
      Source file:   Device/Source/system_MKL25Z4.c
      Source file:   Device/Source/ARM/startup_MKL25Z4.s
      Include file:  Device/Source/system_MKL25Z4.h
Build Time Elapsed:  00:00:02
</pre>
</body>
</html>
